###############################################################################
#
# IAR ELF Linker V9.10.2.313/W64 for ARM                  25/Jun/2021  14:47:14
# Copyright 2007-2021 IAR Systems AB.
#
#    Output file  =
#        C:\Users\brozo\Documents\utfpr 2021
#        2\Embarcados\TM4C1294_Bare_IAR9-main\Projects\Laboratório01\Debug\Exe\Laboratório01.out
#    Map file     =
#        C:\Users\brozo\Documents\utfpr 2021
#        2\Embarcados\TM4C1294_Bare_IAR9-main\Projects\Laboratório01\Debug\List\Laboratório01.map
#    Command line =
#        -f "C:\Users\brozo\Documents\utfpr 2021
#        2\Embarcados\TM4C1294_Bare_IAR9-main\Projects\Laboratório01\Debug\Exe\Laboratório01.out.rsp"
#        ("C:\Users\brozo\Documents\utfpr 2021
#        2\Embarcados\TM4C1294_Bare_IAR9-main\Projects\Laboratório01\driverlib.a"
#        "C:\Users\brozo\Documents\utfpr 2021
#        2\Embarcados\TM4C1294_Bare_IAR9-main\Projects\Laboratório01\Debug\Obj\laboratorio01_main_sp.o"
#        "C:\Users\brozo\Documents\utfpr 2021
#        2\Embarcados\TM4C1294_Bare_IAR9-main\Projects\Laboratório01\Debug\Obj\startup_TM4C1294.o"
#        "C:\Users\brozo\Documents\utfpr 2021
#        2\Embarcados\TM4C1294_Bare_IAR9-main\Projects\Laboratório01\Debug\Obj\system_TM4C1294_TW.o"
#        --no_out_extension -o "C:\Users\brozo\Documents\utfpr 2021
#        2\Embarcados\TM4C1294_Bare_IAR9-main\Projects\Laboratório01\Debug\Exe\Laboratório01.out"
#        --map "C:\Users\brozo\Documents\utfpr 2021
#        2\Embarcados\TM4C1294_Bare_IAR9-main\Projects\Laboratório01\Debug\List\Laboratório01.map"
#        --config "C:\Program Files\IAR Systems\Embedded Workbench
#        9.0\arm\config\linker\TexasInstruments\TM4C1294NC.icf" --semihosting
#        --entry __iar_program_start --vfe --text_out locale)
#
###############################################################################

*******************************************************************************
*** RUNTIME MODEL ATTRIBUTES
***

CppFlavor       = *
__SystemLibrary = DLib
__dlib_version  = 6


*******************************************************************************
*** HEAP SELECTION
***

The basic heap was selected because some modules are built with
size limitations (and not runtime checking), and --advanced_heap
was not specified.


*******************************************************************************
*** PLACEMENT SUMMARY
***

"A0":  place at address 0x0 { ro section .intvec };
"P1":  place in [from 0x0 to 0xf'ffff] { ro };
define block CSTACK with size = 32K, alignment = 8 { };
define block HEAP with size = 64K, alignment = 8 { };
"P2":  place in [from 0x2000'0000 to 0x2003'ffff] {
          rw, block CSTACK, block HEAP };

  Section          Kind         Address    Size  Object
  -------          ----         -------    ----  ------
"A0":                                     0x3c0
  .intvec          ro code          0x0   0x3c0  startup_TM4C1294.o [1]
                                - 0x3c0   0x3c0

"P1":                                     0x7cc
  .text            ro code        0x3c0   0x2a8  sysctl.o [3]
  .rodata          const          0x668   0x1b0  sysctl.o [3]
  .text            ro code        0x818   0x14e  gpio.o [3]
  .text            ro code        0x966     0x2  startup_TM4C1294.o [1]
  .text            ro code        0x968    0x70  laboratorio01_main_sp.o [1]
  .rodata          const          0x9d8    0x6c  sysctl.o [3]
  .text            ro code        0xa44    0x38  zero_init3.o [4]
  .rodata          const          0xa7c    0x30  sysctl.o [3]
  .text            ro code        0xaac    0x30  system_TM4C1294_TW.o [1]
  .text            ro code        0xadc    0x28  data_init.o [4]
  .iar.init_table  const          0xb04    0x10  - Linker created -
  .text            ro code        0xb14    0x1e  cmain.o [4]
  .text            ro code        0xb32     0x4  low_level_init.o [2]
  .text            ro code        0xb36     0x4  exit.o [2]
  .text            ro code        0xb3c     0xa  cexit.o [4]
  .text            ro code        0xb48    0x14  exit.o [5]
  .text            ro code        0xb5c    0x1c  cstartup_M.o [4]
  .text            ro code        0xb78    0x14  startup_TM4C1294.o [1]
  .rodata          const          0xb8c     0x0  zero_init3.o [4]
                                - 0xb8c   0x7cc

"P2", part 1 of 2:                          0x4
  .bss             zero     0x2000'0000     0x1  laboratorio01_main_sp.o [1]
                          - 0x2000'0001     0x1

"P2", part 2 of 2:                       0x8004
  .noinit          uninit   0x2000'0004     0x4  system_TM4C1294_TW.o [1]
  CSTACK                    0x2000'0008  0x8000  <Block>
    CSTACK         uninit   0x2000'0008  0x8000  <Block tail>
                          - 0x2000'8008  0x8004

Unused ranges:

         From           To      Size
         ----           --      ----
        0xb8c     0xf'ffff  0xf'f474
  0x2000'8008  0x2003'ffff  0x3'7ff8


*******************************************************************************
*** INIT TABLE
***

          Address      Size
          -------      ----
Zero (__iar_zero_init3)
    1 destination range, total size 0x1:
          0x2000'0000   0x1



*******************************************************************************
*** MODULE SUMMARY
***

    Module                   ro code  ro data  rw data
    ------                   -------  -------  -------
command line/config:
    --------------------------------------------------
    Total:

C:\Users\brozo\Documents\utfpr 2021 2\Embarcados\TM4C1294_Bare_IAR9-main\Projects\Laboratório01\Debug\Obj: [1]
    laboratorio01_main_sp.o      112                 1
    startup_TM4C1294.o           982
    system_TM4C1294_TW.o          48                 4
    --------------------------------------------------
    Total:                     1'142                 5

dl7M_tln.a: [2]
    exit.o                         4
    low_level_init.o               4
    --------------------------------------------------
    Total:                         8

driverlib.a: [3]
    gpio.o                       334
    sysctl.o                     680      588
    --------------------------------------------------
    Total:                     1'014      588

rt7M_tl.a: [4]
    cexit.o                       10
    cmain.o                       30
    cstartup_M.o                  28
    data_init.o                   40
    zero_init3.o                  56
    --------------------------------------------------
    Total:                       164

shb_l.a: [5]
    exit.o                        20
    --------------------------------------------------
    Total:                        20

    Gaps                           4
    Linker created                         16   32'768
------------------------------------------------------
    Grand Total:               2'352      604   32'773


*******************************************************************************
*** ENTRY LIST
***

Entry                       Address   Size  Type      Object
-----                       -------   ----  ----      ------
.iar.init_table$$Base         0xb04          --   Gb  - Linker created -
.iar.init_table$$Limit        0xb14          --   Gb  - Linker created -
?main                         0xb15         Code  Gb  cmain.o [4]
CSTACK$$Base            0x2000'0008          --   Gb  - Linker created -
CSTACK$$Limit           0x2000'8008          --   Gb  - Linker created -
GPIODirModeSet                0x819   0x28  Code  Gb  gpio.o [3]
GPIOPadConfigSet              0x841  0x102  Code  Gb  gpio.o [3]
GPIOPinTypeGPIOOutput         0x94b    0xa  Code  Gb  gpio.o [3]
GPIOPinWrite                  0x943    0x8  Code  Gb  gpio.o [3]
LED_D4                  0x2000'0000    0x1  Data  Gb  laboratorio01_main_sp.o [1]
Region$$Table$$Base           0xb04          --   Gb  - Linker created -
Region$$Table$$Limit          0xb14          --   Gb  - Linker created -
SysCtlClockFreqSet            0x42d  0x1fc  Code  Gb  sysctl.o [3]
SysCtlDelay                   0x425    0x8  Code  Gb  sysctl.o [3]
SysCtlPeripheralEnable        0x405    0x8  Code  Gb  sysctl.o [3]
SysCtlPeripheralReady         0x3e3    0x8  Code  Gb  sysctl.o [3]
SystemCoreClock         0x2000'0004    0x4  Data  Gb  system_TM4C1294_TW.o [1]
SystemInit                    0xaad   0x1c  Code  Gb  system_TM4C1294_TW.o [1]
_SysCtlMemTimingGet           0x3c1   0x22  Code  Lc  sysctl.o [3]
__Vectors                       0x0          --   Gb  startup_TM4C1294.o [1]
__Vectors_End                 0x3c0         Data  Gb  startup_TM4C1294.o [1]
__Vectors_Size {Abs}          0x3c0          --   Gb  startup_TM4C1294.o [1]
__cmain                       0xb15         Code  Gb  cmain.o [4]
__exit                        0xb49   0x14  Code  Gb  exit.o [5]
__iar_data_init3              0xadd   0x28  Code  Gb  data_init.o [4]
__iar_init_vfp                0xb81         Code  Wk  startup_TM4C1294.o [1]
__iar_program_start           0xb5d         Code  Gb  cstartup_M.o [4]
__iar_zero_init3              0xa45   0x38  Code  Gb  zero_init3.o [4]
__low_level_init              0xb33    0x4  Code  Gb  low_level_init.o [2]
__vector_table                  0x0         Data  Gb  startup_TM4C1294.o [1]
__vector_table_0x1c            0x1c         Data  Gb  startup_TM4C1294.o [1]
_call_main                    0xb21         Code  Gb  cmain.o [4]
_exit                         0xb3d         Code  Gb  cexit.o [4]
exit                          0xb37    0x4  Code  Gb  exit.o [2]
g_pppui32XTALtoVCO            0x668  0x1b0  Data  Lc  sysctl.o [3]
g_pui32VCOFrequencies         0x660    0x8  Data  Lc  sysctl.o [3]
g_pui32Xtals                  0x9d8   0x6c  Data  Lc  sysctl.o [3]
g_sXTALtoMEMTIM               0xa7c   0x30  Data  Lc  sysctl.o [3]
main                          0x969   0x70  Code  Gb  laboratorio01_main_sp.o [1]


[1] = C:\Users\brozo\Documents\utfpr 2021 2\Embarcados\TM4C1294_Bare_IAR9-main\Projects\Laboratório01\Debug\Obj
[2] = dl7M_tln.a
[3] = driverlib.a
[4] = rt7M_tl.a
[5] = shb_l.a

   2'352 bytes of readonly  code memory
     604 bytes of readonly  data memory
  32'773 bytes of readwrite data memory

Errors: none
Warnings: none
